Archive member included because of file (symbol)

d:/embedded programs/winavr/bin/../lib/gcc/avr/4.3.3/avr5\libgcc.a(_udivmodqi4.o)
                              ./HALL/SEVEN_SEGMENT.o (__udivmodqi4)
d:/embedded programs/winavr/bin/../lib/gcc/avr/4.3.3/avr5\libgcc.a(_exit.o)
                              d:/embedded programs/winavr/bin/../lib/gcc/avr/4.3.3/../../../../avr/lib/avr5/crtm16.o (exit)
d:/embedded programs/winavr/bin/../lib/gcc/avr/4.3.3/avr5\libgcc.a(_copy_data.o)
                              ./app/main.o (__do_copy_data)
d:/embedded programs/winavr/bin/../lib/gcc/avr/4.3.3/avr5\libgcc.a(_clear_bss.o)
                              ./app/main.o (__do_clear_bss)

Allocating common symbols
Common symbol       size              file

seven_segment_off_flag
                    0x1               ./app/main.o
cooler_on_flag      0x1               ./app/main.o
system_on_flag      0x1               ./app/main.o
heater_on_flag      0x1               ./app/main.o
system_off_flag     0x1               ./app/main.o

Memory Configuration

Name             Origin             Length             Attributes
text             0x00000000         0x00020000         xr
data             0x00800060         0x0000ffa0         rw !x
eeprom           0x00810000         0x00010000         rw !x
fuse             0x00820000         0x00000400         rw !x
lock             0x00830000         0x00000400         rw !x
signature        0x00840000         0x00000400         rw !x
*default*        0x00000000         0xffffffff

Linker script and memory map

LOAD d:/embedded programs/winavr/bin/../lib/gcc/avr/4.3.3/../../../../avr/lib/avr5/crtm16.o
LOAD ./app/main.o
LOAD ./MCAL/Interrupt_enable.o
LOAD ./HALL/BUTTONS.o
LOAD ./HALL/COOLING_SYSTEM.o
LOAD ./HALL/DIO.o
LOAD ./HALL/HEATING_SYSTEM.o
LOAD ./HALL/SEVEN_SEGMENT.o
LOAD d:/embedded programs/winavr/bin/../lib/gcc/avr/4.3.3/avr5\libgcc.a
LOAD d:/embedded programs/winavr/bin/../lib/gcc/avr/4.3.3/../../../../avr/lib/avr5\libc.a
LOAD d:/embedded programs/winavr/bin/../lib/gcc/avr/4.3.3/avr5\libgcc.a

.hash
 *(.hash)

.dynsym
 *(.dynsym)

.dynstr
 *(.dynstr)

.gnu.version
 *(.gnu.version)

.gnu.version_d
 *(.gnu.version_d)

.gnu.version_r
 *(.gnu.version_r)

.rel.init
 *(.rel.init)

.rela.init
 *(.rela.init)

.rel.text
 *(.rel.text)
 *(.rel.text.*)
 *(.rel.gnu.linkonce.t*)

.rela.text
 *(.rela.text)
 *(.rela.text.*)
 *(.rela.gnu.linkonce.t*)

.rel.fini
 *(.rel.fini)

.rela.fini
 *(.rela.fini)

.rel.rodata
 *(.rel.rodata)
 *(.rel.rodata.*)
 *(.rel.gnu.linkonce.r*)

.rela.rodata
 *(.rela.rodata)
 *(.rela.rodata.*)
 *(.rela.gnu.linkonce.r*)

.rel.data
 *(.rel.data)
 *(.rel.data.*)
 *(.rel.gnu.linkonce.d*)

.rela.data
 *(.rela.data)
 *(.rela.data.*)
 *(.rela.gnu.linkonce.d*)

.rel.ctors
 *(.rel.ctors)

.rela.ctors
 *(.rela.ctors)

.rel.dtors
 *(.rel.dtors)

.rela.dtors
 *(.rela.dtors)

.rel.got
 *(.rel.got)

.rela.got
 *(.rela.got)

.rel.bss
 *(.rel.bss)

.rela.bss
 *(.rela.bss)

.rel.plt
 *(.rel.plt)

.rela.plt
 *(.rela.plt)

.text           0x00000000     0x11fe
 *(.vectors)
 .vectors       0x00000000       0x54 d:/embedded programs/winavr/bin/../lib/gcc/avr/4.3.3/../../../../avr/lib/avr5/crtm16.o
                0x00000000                __vectors
                0x00000000                __vector_default
 *(.vectors)
 *(.progmem.gcc*)
 *(.progmem*)
                0x00000054                . = ALIGN (0x2)
                0x00000054                __trampolines_start = .
 *(.trampolines)
 .trampolines   0x00000054        0x0 linker stubs
 *(.trampolines*)
                0x00000054                __trampolines_end = .
 *(.jumptables)
 *(.jumptables*)
 *(.lowtext)
 *(.lowtext*)
                0x00000054                __ctors_start = .
 *(.ctors)
                0x00000054                __ctors_end = .
                0x00000054                __dtors_start = .
 *(.dtors)
                0x00000054                __dtors_end = .
 SORT(*)(.ctors)
 SORT(*)(.dtors)
 *(.init0)
 .init0         0x00000054        0x0 d:/embedded programs/winavr/bin/../lib/gcc/avr/4.3.3/../../../../avr/lib/avr5/crtm16.o
                0x00000054                __init
 *(.init0)
 *(.init1)
 *(.init1)
 *(.init2)
 .init2         0x00000054        0xc d:/embedded programs/winavr/bin/../lib/gcc/avr/4.3.3/../../../../avr/lib/avr5/crtm16.o
 *(.init2)
 *(.init3)
 *(.init3)
 *(.init4)
 .init4         0x00000060       0x16 d:/embedded programs/winavr/bin/../lib/gcc/avr/4.3.3/avr5\libgcc.a(_copy_data.o)
                0x00000060                __do_copy_data
 .init4         0x00000076       0x10 d:/embedded programs/winavr/bin/../lib/gcc/avr/4.3.3/avr5\libgcc.a(_clear_bss.o)
                0x00000076                __do_clear_bss
 *(.init4)
 *(.init5)
 *(.init5)
 *(.init6)
 *(.init6)
 *(.init7)
 *(.init7)
 *(.init8)
 *(.init8)
 *(.init9)
 .init9         0x00000086        0x8 d:/embedded programs/winavr/bin/../lib/gcc/avr/4.3.3/../../../../avr/lib/avr5/crtm16.o
 *(.init9)
 *(.text)
 .text          0x0000008e        0x4 d:/embedded programs/winavr/bin/../lib/gcc/avr/4.3.3/../../../../avr/lib/avr5/crtm16.o
                0x0000008e                __vector_12
                0x0000008e                __bad_interrupt
                0x0000008e                __vector_6
                0x0000008e                __vector_3
                0x0000008e                __vector_11
                0x0000008e                __vector_13
                0x0000008e                __vector_17
                0x0000008e                __vector_19
                0x0000008e                __vector_7
                0x0000008e                __vector_5
                0x0000008e                __vector_4
                0x0000008e                __vector_9
                0x0000008e                __vector_15
                0x0000008e                __vector_8
                0x0000008e                __vector_14
                0x0000008e                __vector_10
                0x0000008e                __vector_16
                0x0000008e                __vector_20
 .text          0x00000092        0x0 ./app/main.o
 .text          0x00000092        0x0 ./MCAL/Interrupt_enable.o
 .text          0x00000092        0x0 ./HALL/BUTTONS.o
 .text          0x00000092        0x0 ./HALL/COOLING_SYSTEM.o
 .text          0x00000092        0x0 ./HALL/DIO.o
 .text          0x00000092        0x0 ./HALL/HEATING_SYSTEM.o
 .text          0x00000092        0x0 ./HALL/SEVEN_SEGMENT.o
 .text          0x00000092        0x0 d:/embedded programs/winavr/bin/../lib/gcc/avr/4.3.3/avr5\libgcc.a(_udivmodqi4.o)
 .text          0x00000092        0x0 d:/embedded programs/winavr/bin/../lib/gcc/avr/4.3.3/avr5\libgcc.a(_exit.o)
 .text          0x00000092        0x0 d:/embedded programs/winavr/bin/../lib/gcc/avr/4.3.3/avr5\libgcc.a(_copy_data.o)
 .text          0x00000092        0x0 d:/embedded programs/winavr/bin/../lib/gcc/avr/4.3.3/avr5\libgcc.a(_clear_bss.o)
                0x00000092                . = ALIGN (0x2)
 *(.text.*)
 .text.main     0x00000092       0x3c ./app/main.o
                0x00000092                main
 .text.__vector_1
                0x000000ce       0x60 ./app/main.o
                0x000000ce                __vector_1
 .text.__vector_2
                0x0000012e       0x60 ./app/main.o
                0x0000012e                __vector_2
 .text.__vector_18
                0x0000018e       0x24 ./app/main.o
                0x0000018e                __vector_18
 .text.ENABLE_INTERRUPTS
                0x000001b2       0x28 ./MCAL/Interrupt_enable.o
                0x000001b2                ENABLE_INTERRUPTS
 .text.ON_SYSTEM_BUTTON
                0x000001da       0x2a ./HALL/BUTTONS.o
                0x000001da                ON_SYSTEM_BUTTON
 .text.OFF_SYSTEM_BUTTON
                0x00000204       0x28 ./HALL/BUTTONS.o
                0x00000204                OFF_SYSTEM_BUTTON
 .text.INCREASE_TEMPREATURE_BUTTON
                0x0000022c       0x20 ./HALL/BUTTONS.o
                0x0000022c                INCREASE_TEMPREATURE_BUTTON
 .text.DECREASE_TEMPREATURE_BUTTON
                0x0000024c       0x20 ./HALL/BUTTONS.o
                0x0000024c                DECREASE_TEMPREATURE_BUTTON
 .text.cooling_system_enable
                0x0000026c       0x22 ./HALL/COOLING_SYSTEM.o
                0x0000026c                cooling_system_enable
 .text.cooling_system_disable
                0x0000028e       0x22 ./HALL/COOLING_SYSTEM.o
                0x0000028e                cooling_system_disable
 .text.DIO_SetPortDir
                0x000002b0       0x82 ./HALL/DIO.o
                0x000002b0                DIO_SetPortDir
 .text.DIO_SetPinDir
                0x00000332      0x210 ./HALL/DIO.o
                0x00000332                DIO_SetPinDir
 .text.DIO_SetPortVal
                0x00000542       0x82 ./HALL/DIO.o
                0x00000542                DIO_SetPortVal
 .text.DIO_SetPinVal
                0x000005c4      0x210 ./HALL/DIO.o
                0x000005c4                DIO_SetPinVal
 .text.DIO_GetPortVal
                0x000007d4       0x84 ./HALL/DIO.o
                0x000007d4                DIO_GetPortVal
 .text.DIO_GetPinVal
                0x00000858       0xf4 ./HALL/DIO.o
                0x00000858                DIO_GetPinVal
 .text.DIO_TogllePin
                0x0000094c       0xfa ./HALL/DIO.o
                0x0000094c                DIO_TogllePin
 .text.DIO_SetPullUpRes
                0x00000a46       0xfa ./HALL/DIO.o
                0x00000a46                DIO_SetPullUpRes
 .text.heating_system_enable
                0x00000b40       0x22 ./HALL/HEATING_SYSTEM.o
                0x00000b40                heating_system_enable
 .text.heating_system_disable
                0x00000b62       0x22 ./HALL/HEATING_SYSTEM.o
                0x00000b62                heating_system_disable
 .text.SS_Init  0x00000b84       0x7e ./HALL/SEVEN_SEGMENT.o
                0x00000b84                SS_Init
 .text.SS_display_Temp
                0x00000c02      0x2e6 ./HALL/SEVEN_SEGMENT.o
                0x00000c02                SS_display_Temp
 .text.SS_display_desired_Temp
                0x00000ee8      0x2e6 ./HALL/SEVEN_SEGMENT.o
                0x00000ee8                SS_display_desired_Temp
 .text.SS_TurnOff
                0x000011ce       0x14 ./HALL/SEVEN_SEGMENT.o
                0x000011ce                SS_TurnOff
 .text.libgcc   0x000011e2       0x18 d:/embedded programs/winavr/bin/../lib/gcc/avr/4.3.3/avr5\libgcc.a(_udivmodqi4.o)
                0x000011e2                __udivmodqi4
 .text.libgcc   0x000011fa        0x0 d:/embedded programs/winavr/bin/../lib/gcc/avr/4.3.3/avr5\libgcc.a(_exit.o)
 .text.libgcc   0x000011fa        0x0 d:/embedded programs/winavr/bin/../lib/gcc/avr/4.3.3/avr5\libgcc.a(_copy_data.o)
 .text.libgcc   0x000011fa        0x0 d:/embedded programs/winavr/bin/../lib/gcc/avr/4.3.3/avr5\libgcc.a(_clear_bss.o)
                0x000011fa                . = ALIGN (0x2)
 *(.fini9)
 .fini9         0x000011fa        0x0 d:/embedded programs/winavr/bin/../lib/gcc/avr/4.3.3/avr5\libgcc.a(_exit.o)
                0x000011fa                exit
                0x000011fa                _exit
 *(.fini9)
 *(.fini8)
 *(.fini8)
 *(.fini7)
 *(.fini7)
 *(.fini6)
 *(.fini6)
 *(.fini5)
 *(.fini5)
 *(.fini4)
 *(.fini4)
 *(.fini3)
 *(.fini3)
 *(.fini2)
 *(.fini2)
 *(.fini1)
 *(.fini1)
 *(.fini0)
 .fini0         0x000011fa        0x4 d:/embedded programs/winavr/bin/../lib/gcc/avr/4.3.3/avr5\libgcc.a(_exit.o)
 *(.fini0)
                0x000011fe                _etext = .

.data           0x00800060        0x2 load address 0x000011fe
                0x00800060                PROVIDE (__data_start, .)
 *(.data)
 .data          0x00800060        0x0 d:/embedded programs/winavr/bin/../lib/gcc/avr/4.3.3/../../../../avr/lib/avr5/crtm16.o
 .data          0x00800060        0x0 ./app/main.o
 .data          0x00800060        0x0 ./MCAL/Interrupt_enable.o
 .data          0x00800060        0x0 ./HALL/BUTTONS.o
 .data          0x00800060        0x0 ./HALL/COOLING_SYSTEM.o
 .data          0x00800060        0x0 ./HALL/DIO.o
 .data          0x00800060        0x0 ./HALL/HEATING_SYSTEM.o
 .data          0x00800060        0x0 ./HALL/SEVEN_SEGMENT.o
 .data          0x00800060        0x0 d:/embedded programs/winavr/bin/../lib/gcc/avr/4.3.3/avr5\libgcc.a(_udivmodqi4.o)
 .data          0x00800060        0x0 d:/embedded programs/winavr/bin/../lib/gcc/avr/4.3.3/avr5\libgcc.a(_exit.o)
 .data          0x00800060        0x0 d:/embedded programs/winavr/bin/../lib/gcc/avr/4.3.3/avr5\libgcc.a(_copy_data.o)
 .data          0x00800060        0x0 d:/embedded programs/winavr/bin/../lib/gcc/avr/4.3.3/avr5\libgcc.a(_clear_bss.o)
 *(.data*)
 .data.temp     0x00800060        0x1 ./app/main.o
                0x00800060                temp
 *(.rodata)
 *(.rodata*)
 *(.gnu.linkonce.d*)
                0x00800062                . = ALIGN (0x2)
 *fill*         0x00800061        0x1 00
                0x00800062                _edata = .
                0x00800062                PROVIDE (__data_end, .)

.bss            0x00800062        0x5
                0x00800062                PROVIDE (__bss_start, .)
 *(.bss)
 .bss           0x00800062        0x0 d:/embedded programs/winavr/bin/../lib/gcc/avr/4.3.3/../../../../avr/lib/avr5/crtm16.o
 .bss           0x00800062        0x0 ./app/main.o
 .bss           0x00800062        0x0 ./MCAL/Interrupt_enable.o
 .bss           0x00800062        0x0 ./HALL/BUTTONS.o
 .bss           0x00800062        0x0 ./HALL/COOLING_SYSTEM.o
 .bss           0x00800062        0x0 ./HALL/DIO.o
 .bss           0x00800062        0x0 ./HALL/HEATING_SYSTEM.o
 .bss           0x00800062        0x0 ./HALL/SEVEN_SEGMENT.o
 .bss           0x00800062        0x0 d:/embedded programs/winavr/bin/../lib/gcc/avr/4.3.3/avr5\libgcc.a(_udivmodqi4.o)
 .bss           0x00800062        0x0 d:/embedded programs/winavr/bin/../lib/gcc/avr/4.3.3/avr5\libgcc.a(_exit.o)
 .bss           0x00800062        0x0 d:/embedded programs/winavr/bin/../lib/gcc/avr/4.3.3/avr5\libgcc.a(_copy_data.o)
 .bss           0x00800062        0x0 d:/embedded programs/winavr/bin/../lib/gcc/avr/4.3.3/avr5\libgcc.a(_clear_bss.o)
 *(.bss*)
 *(COMMON)
 COMMON         0x00800062        0x5 ./app/main.o
                0x00800062                seven_segment_off_flag
                0x00800063                cooler_on_flag
                0x00800064                system_on_flag
                0x00800065                heater_on_flag
                0x00800066                system_off_flag
                0x00800067                PROVIDE (__bss_end, .)
                0x000011fe                __data_load_start = LOADADDR (.data)
                0x00001200                __data_load_end = (__data_load_start + SIZEOF (.data))

.noinit         0x00800067        0x0
                0x00800067                PROVIDE (__noinit_start, .)
 *(.noinit*)
                0x00800067                PROVIDE (__noinit_end, .)
                0x00800067                _end = .
                0x00800067                PROVIDE (__heap_start, .)

.eeprom         0x00810000        0x0
 *(.eeprom*)
                0x00810000                __eeprom_end = .

.fuse
 *(.fuse)
 *(.lfuse)
 *(.hfuse)
 *(.efuse)

.lock
 *(.lock*)

.signature
 *(.signature*)

.stab           0x00000000     0x177c
 *(.stab)
 .stab          0x00000000      0x4f8 ./app/main.o
 .stab          0x000004f8      0x228 ./MCAL/Interrupt_enable.o
                                0x3d8 (size before relaxing)
 .stab          0x00000720      0x27c ./HALL/BUTTONS.o
                                0x288 (size before relaxing)
 .stab          0x0000099c      0x1b0 ./HALL/COOLING_SYSTEM.o
                                0x3e4 (size before relaxing)
 .stab          0x00000b4c      0x5d0 ./HALL/DIO.o
                                0x654 (size before relaxing)
 .stab          0x0000111c      0x1b0 ./HALL/HEATING_SYSTEM.o
                                0x3e4 (size before relaxing)
 .stab          0x000012cc      0x4b0 ./HALL/SEVEN_SEGMENT.o
                                0x534 (size before relaxing)

.stabstr        0x00000000      0xd71
 *(.stabstr)
 .stabstr       0x00000000      0xd71 ./app/main.o

.stab.excl
 *(.stab.excl)

.stab.exclstr
 *(.stab.exclstr)

.stab.index
 *(.stab.index)

.stab.indexstr
 *(.stab.indexstr)

.comment
 *(.comment)

.debug
 *(.debug)

.line
 *(.line)

.debug_srcinfo
 *(.debug_srcinfo)

.debug_sfnames
 *(.debug_sfnames)

.debug_aranges
 *(.debug_aranges)

.debug_pubnames
 *(.debug_pubnames)

.debug_info
 *(.debug_info)
 *(.gnu.linkonce.wi.*)

.debug_abbrev
 *(.debug_abbrev)

.debug_line
 *(.debug_line)

.debug_frame
 *(.debug_frame)

.debug_str
 *(.debug_str)

.debug_loc
 *(.debug_loc)

.debug_macinfo
 *(.debug_macinfo)
OUTPUT(ELECTRIC_WATER_HEATER.elf elf32-avr)
LOAD linker stubs
