Archive member included because of file (symbol)

d:/programmes/winavr/bin/../lib/gcc/avr/4.3.3/avr5\libgcc.a(_udivmodqi4.o)
                              ./HALL/SEVEN_SEGMENT.o (__udivmodqi4)
d:/programmes/winavr/bin/../lib/gcc/avr/4.3.3/avr5\libgcc.a(_divmodsi4.o)
                              ./HALL/LM35.o (__divmodsi4)
d:/programmes/winavr/bin/../lib/gcc/avr/4.3.3/avr5\libgcc.a(_exit.o)
                              d:/programmes/winavr/bin/../lib/gcc/avr/4.3.3/../../../../avr/lib/avr5/crtm16.o (exit)
d:/programmes/winavr/bin/../lib/gcc/avr/4.3.3/avr5\libgcc.a(_copy_data.o)
                              ./app/main.o (__do_copy_data)
d:/programmes/winavr/bin/../lib/gcc/avr/4.3.3/avr5\libgcc.a(_clear_bss.o)
                              ./app/main.o (__do_clear_bss)
d:/programmes/winavr/bin/../lib/gcc/avr/4.3.3/avr5\libgcc.a(_udivmodsi4.o)
                              d:/programmes/winavr/bin/../lib/gcc/avr/4.3.3/avr5\libgcc.a(_divmodsi4.o) (__udivmodsi4)

Allocating common symbols
Common symbol       size              file

system_on_flag      0x1               ./app/main.o
temp                0x1               ./app/main.o

Memory Configuration

Name             Origin             Length             Attributes
text             0x00000000         0x00020000         xr
data             0x00800060         0x0000ffa0         rw !x
eeprom           0x00810000         0x00010000         rw !x
fuse             0x00820000         0x00000400         rw !x
lock             0x00830000         0x00000400         rw !x
signature        0x00840000         0x00000400         rw !x
*default*        0x00000000         0xffffffff

Linker script and memory map

LOAD d:/programmes/winavr/bin/../lib/gcc/avr/4.3.3/../../../../avr/lib/avr5/crtm16.o
LOAD ./app/main.o
LOAD ./MCAL/DIO.o
LOAD ./MCAL/I2C.o
LOAD ./MCAL/Interrupt_enable.o
LOAD ./MCAL/TIMER.o
LOAD ./HALL/BUTTONS.o
LOAD ./HALL/COOLING_SYSTEM.o
LOAD ./HALL/EEPROM.o
LOAD ./HALL/HEATING_SYSTEM.o
LOAD ./HALL/LM35.o
LOAD ./HALL/PROTOCOL.o
LOAD ./HALL/SEVEN_SEGMENT.o
LOAD d:/programmes/winavr/bin/../lib/gcc/avr/4.3.3/avr5\libgcc.a
LOAD d:/programmes/winavr/bin/../lib/gcc/avr/4.3.3/../../../../avr/lib/avr5\libc.a
LOAD d:/programmes/winavr/bin/../lib/gcc/avr/4.3.3/avr5\libgcc.a

.hash
 *(.hash)

.dynsym
 *(.dynsym)

.dynstr
 *(.dynstr)

.gnu.version
 *(.gnu.version)

.gnu.version_d
 *(.gnu.version_d)

.gnu.version_r
 *(.gnu.version_r)

.rel.init
 *(.rel.init)

.rela.init
 *(.rela.init)

.rel.text
 *(.rel.text)
 *(.rel.text.*)
 *(.rel.gnu.linkonce.t*)

.rela.text
 *(.rela.text)
 *(.rela.text.*)
 *(.rela.gnu.linkonce.t*)

.rel.fini
 *(.rel.fini)

.rela.fini
 *(.rela.fini)

.rel.rodata
 *(.rel.rodata)
 *(.rel.rodata.*)
 *(.rel.gnu.linkonce.r*)

.rela.rodata
 *(.rela.rodata)
 *(.rela.rodata.*)
 *(.rela.gnu.linkonce.r*)

.rel.data
 *(.rel.data)
 *(.rel.data.*)
 *(.rel.gnu.linkonce.d*)

.rela.data
 *(.rela.data)
 *(.rela.data.*)
 *(.rela.gnu.linkonce.d*)

.rel.ctors
 *(.rel.ctors)

.rela.ctors
 *(.rela.ctors)

.rel.dtors
 *(.rel.dtors)

.rela.dtors
 *(.rela.dtors)

.rel.got
 *(.rel.got)

.rela.got
 *(.rela.got)

.rel.bss
 *(.rel.bss)

.rela.bss
 *(.rela.bss)

.rel.plt
 *(.rel.plt)

.rela.plt
 *(.rela.plt)

.text           0x00000000      0xc5c
 *(.vectors)
 .vectors       0x00000000       0x54 d:/programmes/winavr/bin/../lib/gcc/avr/4.3.3/../../../../avr/lib/avr5/crtm16.o
                0x00000000                __vectors
                0x00000000                __vector_default
 *(.vectors)
 *(.progmem.gcc*)
 *(.progmem*)
                0x00000054                . = ALIGN (0x2)
                0x00000054                __trampolines_start = .
 *(.trampolines)
 .trampolines   0x00000054        0x0 linker stubs
 *(.trampolines*)
                0x00000054                __trampolines_end = .
 *(.jumptables)
 *(.jumptables*)
 *(.lowtext)
 *(.lowtext*)
                0x00000054                __ctors_start = .
 *(.ctors)
                0x00000054                __ctors_end = .
                0x00000054                __dtors_start = .
 *(.dtors)
                0x00000054                __dtors_end = .
 SORT(*)(.ctors)
 SORT(*)(.dtors)
 *(.init0)
 .init0         0x00000054        0x0 d:/programmes/winavr/bin/../lib/gcc/avr/4.3.3/../../../../avr/lib/avr5/crtm16.o
                0x00000054                __init
 *(.init0)
 *(.init1)
 *(.init1)
 *(.init2)
 .init2         0x00000054        0xc d:/programmes/winavr/bin/../lib/gcc/avr/4.3.3/../../../../avr/lib/avr5/crtm16.o
 *(.init2)
 *(.init3)
 *(.init3)
 *(.init4)
 .init4         0x00000060       0x16 d:/programmes/winavr/bin/../lib/gcc/avr/4.3.3/avr5\libgcc.a(_copy_data.o)
                0x00000060                __do_copy_data
 .init4         0x00000076       0x10 d:/programmes/winavr/bin/../lib/gcc/avr/4.3.3/avr5\libgcc.a(_clear_bss.o)
                0x00000076                __do_clear_bss
 *(.init4)
 *(.init5)
 *(.init5)
 *(.init6)
 *(.init6)
 *(.init7)
 *(.init7)
 *(.init8)
 *(.init8)
 *(.init9)
 .init9         0x00000086        0x8 d:/programmes/winavr/bin/../lib/gcc/avr/4.3.3/../../../../avr/lib/avr5/crtm16.o
 *(.init9)
 *(.text)
 .text          0x0000008e        0x4 d:/programmes/winavr/bin/../lib/gcc/avr/4.3.3/../../../../avr/lib/avr5/crtm16.o
                0x0000008e                __vector_12
                0x0000008e                __bad_interrupt
                0x0000008e                __vector_6
                0x0000008e                __vector_3
                0x0000008e                __vector_11
                0x0000008e                __vector_13
                0x0000008e                __vector_17
                0x0000008e                __vector_19
                0x0000008e                __vector_7
                0x0000008e                __vector_5
                0x0000008e                __vector_4
                0x0000008e                __vector_9
                0x0000008e                __vector_15
                0x0000008e                __vector_8
                0x0000008e                __vector_14
                0x0000008e                __vector_10
                0x0000008e                __vector_16
                0x0000008e                __vector_20
 .text          0x00000092        0x0 ./app/main.o
 .text          0x00000092        0x0 ./MCAL/DIO.o
 .text          0x00000092        0x0 ./MCAL/I2C.o
 .text          0x00000092        0x0 ./MCAL/Interrupt_enable.o
 .text          0x00000092        0x0 ./MCAL/TIMER.o
 .text          0x00000092        0x0 ./HALL/BUTTONS.o
 .text          0x00000092        0x0 ./HALL/COOLING_SYSTEM.o
 .text          0x00000092        0x0 ./HALL/EEPROM.o
 .text          0x00000092        0x0 ./HALL/HEATING_SYSTEM.o
 .text          0x00000092        0x0 ./HALL/LM35.o
 .text          0x00000092        0x0 ./HALL/PROTOCOL.o
 .text          0x00000092        0x0 ./HALL/SEVEN_SEGMENT.o
 .text          0x00000092        0x0 d:/programmes/winavr/bin/../lib/gcc/avr/4.3.3/avr5\libgcc.a(_udivmodqi4.o)
 .text          0x00000092        0x0 d:/programmes/winavr/bin/../lib/gcc/avr/4.3.3/avr5\libgcc.a(_divmodsi4.o)
 .text          0x00000092        0x0 d:/programmes/winavr/bin/../lib/gcc/avr/4.3.3/avr5\libgcc.a(_exit.o)
 .text          0x00000092        0x0 d:/programmes/winavr/bin/../lib/gcc/avr/4.3.3/avr5\libgcc.a(_copy_data.o)
 .text          0x00000092        0x0 d:/programmes/winavr/bin/../lib/gcc/avr/4.3.3/avr5\libgcc.a(_clear_bss.o)
 .text          0x00000092        0x0 d:/programmes/winavr/bin/../lib/gcc/avr/4.3.3/avr5\libgcc.a(_udivmodsi4.o)
                0x00000092                . = ALIGN (0x2)
 *(.text.*)
 .text.main     0x00000092       0x40 ./app/main.o
                0x00000092                main
 .text.DIO_SetPortDir
                0x000000d2       0x22 ./MCAL/DIO.o
                0x000000d2                DIO_SetPortDir
 .text.DIO_SetPinDir
                0x000000f4       0xe8 ./MCAL/DIO.o
                0x000000f4                DIO_SetPinDir
 .text.DIO_SetPortVal
                0x000001dc       0x22 ./MCAL/DIO.o
                0x000001dc                DIO_SetPortVal
 .text.DIO_SetPinVal
                0x000001fe       0xe8 ./MCAL/DIO.o
                0x000001fe                DIO_SetPinVal
 .text.DIO_GetPortVal
                0x000002e6       0x24 ./MCAL/DIO.o
                0x000002e6                DIO_GetPortVal
 .text.DIO_GetPinVal
                0x0000030a       0x40 ./MCAL/DIO.o
                0x0000030a                DIO_GetPinVal
 .text.DIO_TogllePin
                0x0000034a       0x6a ./MCAL/DIO.o
                0x0000034a                DIO_TogllePin
 .text.DIO_SetPullUpRes
                0x000003b4       0x6a ./MCAL/DIO.o
                0x000003b4                DIO_SetPullUpRes
 .text.I2C_Slave_Init
                0x0000041e        0xc ./MCAL/I2C.o
                0x0000041e                I2C_Slave_Init
 .text.I2C_Start_Condition
                0x0000042a       0x14 ./MCAL/I2C.o
                0x0000042a                I2C_Start_Condition
 .text.I2C_Repeated_Start
                0x0000043e       0x14 ./MCAL/I2C.o
                0x0000043e                I2C_Repeated_Start
 .text.I2C_SendSlaveAddress_Write
                0x00000452       0x18 ./MCAL/I2C.o
                0x00000452                I2C_SendSlaveAddress_Write
 .text.I2C_SendSlaveAddress_Read
                0x0000046a       0x1a ./MCAL/I2C.o
                0x0000046a                I2C_SendSlaveAddress_Read
 .text.I2C_Send_Data
                0x00000484       0x16 ./MCAL/I2C.o
                0x00000484                I2C_Send_Data
 .text.I2C_Read_Data
                0x0000049a        0xe ./MCAL/I2C.o
                0x0000049a                I2C_Read_Data
 .text.I2C_Stop_Condition
                0x000004a8        0x6 ./MCAL/I2C.o
                0x000004a8                I2C_Stop_Condition
 .text.I2C_Master_Init
                0x000004ae       0x20 ./MCAL/I2C.o
                0x000004ae                I2C_Master_Init
 .text.ENABLE_INTERRUPTS
                0x000004ce       0x10 ./MCAL/Interrupt_enable.o
                0x000004ce                ENABLE_INTERRUPTS
 .text.SET_CALLBACK_INC
                0x000004de        0xa ./MCAL/Interrupt_enable.o
                0x000004de                SET_CALLBACK_INC
 .text.SET_CALLBACK_DEC
                0x000004e8        0xa ./MCAL/Interrupt_enable.o
                0x000004e8                SET_CALLBACK_DEC
 .text.SET_CALLBACK_SHUT
                0x000004f2        0xa ./MCAL/Interrupt_enable.o
                0x000004f2                SET_CALLBACK_SHUT
 .text.__vector_1
                0x000004fc       0x4e ./MCAL/Interrupt_enable.o
                0x000004fc                __vector_1
 .text.__vector_2
                0x0000054a       0x4e ./MCAL/Interrupt_enable.o
                0x0000054a                __vector_2
 .text.__vector_18
                0x00000598       0x4e ./MCAL/Interrupt_enable.o
                0x00000598                __vector_18
 .text.TIMER0_Start
                0x000005e6        0x8 ./MCAL/TIMER.o
                0x000005e6                TIMER0_Start
 .text.TIMER0_Stop
                0x000005ee       0x14 ./MCAL/TIMER.o
                0x000005ee                TIMER0_Stop
 .text.TIMER0_Delay_ms
                0x00000602       0x52 ./MCAL/TIMER.o
                0x00000602                TIMER0_Delay_ms
 .text.TIMER0_Init
                0x00000654       0x12 ./MCAL/TIMER.o
                0x00000654                TIMER0_Init
 .text.TIMER1_Init
                0x00000666       0x14 ./MCAL/TIMER.o
                0x00000666                TIMER1_Init
 .text.TIMER1_Start
                0x0000067a        0x8 ./MCAL/TIMER.o
                0x0000067a                TIMER1_Start
 .text.TIMER1_Stop
                0x00000682       0x14 ./MCAL/TIMER.o
                0x00000682                TIMER1_Stop
 .text.TIMER1_Delay_ms
                0x00000696       0x28 ./MCAL/TIMER.o
                0x00000696                TIMER1_Delay_ms
 .text.INCREASE_TEMPREATURE_BUTTON
                0x000006be        0xe ./HALL/BUTTONS.o
                0x000006be                INCREASE_TEMPREATURE_BUTTON
 .text.DECREASE_TEMPREATURE_BUTTON
                0x000006cc        0xe ./HALL/BUTTONS.o
                0x000006cc                DECREASE_TEMPREATURE_BUTTON
 .text.OFF_SYSTEM_BUTTON
                0x000006da       0x1c ./HALL/BUTTONS.o
                0x000006da                OFF_SYSTEM_BUTTON
 .text.ON_SYSTEM_BUTTON
                0x000006f6       0x1c ./HALL/BUTTONS.o
                0x000006f6                ON_SYSTEM_BUTTON
 .text.cooling_system_disable
                0x00000712       0x16 ./HALL/COOLING_SYSTEM.o
                0x00000712                cooling_system_disable
 .text.cooling_system_enable
                0x00000728       0x16 ./HALL/COOLING_SYSTEM.o
                0x00000728                cooling_system_enable
 .text.EEPROM_READ
                0x0000073e       0x2e ./HALL/EEPROM.o
                0x0000073e                EEPROM_READ
 .text.EEPROM_WRITE
                0x0000076c       0x28 ./HALL/EEPROM.o
                0x0000076c                EEPROM_WRITE
 .text.EEPROM_Init
                0x00000794        0x6 ./HALL/EEPROM.o
                0x00000794                EEPROM_Init
 .text.heating_system_disable
                0x0000079a       0x16 ./HALL/HEATING_SYSTEM.o
                0x0000079a                heating_system_disable
 .text.heating_system_enable
                0x000007b0       0x16 ./HALL/HEATING_SYSTEM.o
                0x000007b0                heating_system_enable
 .text.lm35_Init
                0x000007c6        0xc ./HALL/LM35.o
                0x000007c6                lm35_Init
 .text.lm35_Read
                0x000007d2        0xa ./HALL/LM35.o
                0x000007d2                lm35_Read
 .text.lm35_average
                0x000007dc       0x40 ./HALL/LM35.o
                0x000007dc                lm35_average
 .text.GET_DESIRED_TEMP_FROM_EEPROM
                0x0000081c        0xe ./HALL/PROTOCOL.o
                0x0000081c                GET_DESIRED_TEMP_FROM_EEPROM
 .text.SHUTTING_DOWN
                0x0000082a       0x1a ./HALL/PROTOCOL.o
                0x0000082a                SHUTTING_DOWN
 .text.INCREASING_THE_TEMPREATURE
                0x00000844       0x3c ./HALL/PROTOCOL.o
                0x00000844                INCREASING_THE_TEMPREATURE
 .text.DECREASING_THE_TEMPREATURE
                0x00000880       0x3c ./HALL/PROTOCOL.o
                0x00000880                DECREASING_THE_TEMPREATURE
 .text.BLINKING_DISPLAY
                0x000008bc       0x2a ./HALL/PROTOCOL.o
                0x000008bc                BLINKING_DISPLAY
 .text.TEMPREATURE_SETTING_MODE
                0x000008e6        0xe ./HALL/PROTOCOL.o
                0x000008e6                TEMPREATURE_SETTING_MODE
 .text.SHUT_DOWN
                0x000008f4        0xe ./HALL/PROTOCOL.o
                0x000008f4                SHUT_DOWN
 .text.COOLING_THE_SYSTEM
                0x00000902        0xa ./HALL/PROTOCOL.o
                0x00000902                COOLING_THE_SYSTEM
 .text.HEATING_THE_SYSTEM
                0x0000090c        0xa ./HALL/PROTOCOL.o
                0x0000090c                HEATING_THE_SYSTEM
 .text.TEMPREATURE_MANAGMENT
                0x00000916       0x30 ./HALL/PROTOCOL.o
                0x00000916                TEMPREATURE_MANAGMENT
 .text.SENSOR_READING
                0x00000946       0x16 ./HALL/PROTOCOL.o
                0x00000946                SENSOR_READING
 .text.INITIALIZING_THE_SYSTEM
                0x0000095c        0xe ./HALL/PROTOCOL.o
                0x0000095c                INITIALIZING_THE_SYSTEM
 .text.SS_Init  0x0000096a       0x12 ./HALL/SEVEN_SEGMENT.o
                0x0000096a                SS_Init
 .text.SS_display_Temp
                0x0000097c      0x11c ./HALL/SEVEN_SEGMENT.o
                0x0000097c                SS_display_Temp
 .text.SS_display_desired_Temp
                0x00000a98      0x11c ./HALL/SEVEN_SEGMENT.o
                0x00000a98                SS_display_desired_Temp
 .text.SS_TurnOff
                0x00000bb4       0x12 ./HALL/SEVEN_SEGMENT.o
                0x00000bb4                SS_TurnOff
 .text.libgcc   0x00000bc6       0x18 d:/programmes/winavr/bin/../lib/gcc/avr/4.3.3/avr5\libgcc.a(_udivmodqi4.o)
                0x00000bc6                __udivmodqi4
 .text.libgcc   0x00000bde       0x36 d:/programmes/winavr/bin/../lib/gcc/avr/4.3.3/avr5\libgcc.a(_divmodsi4.o)
                0x00000bde                __divmodsi4
 .text.libgcc   0x00000c14        0x0 d:/programmes/winavr/bin/../lib/gcc/avr/4.3.3/avr5\libgcc.a(_exit.o)
 .text.libgcc   0x00000c14        0x0 d:/programmes/winavr/bin/../lib/gcc/avr/4.3.3/avr5\libgcc.a(_copy_data.o)
 .text.libgcc   0x00000c14        0x0 d:/programmes/winavr/bin/../lib/gcc/avr/4.3.3/avr5\libgcc.a(_clear_bss.o)
 .text.libgcc   0x00000c14       0x44 d:/programmes/winavr/bin/../lib/gcc/avr/4.3.3/avr5\libgcc.a(_udivmodsi4.o)
                0x00000c14                __udivmodsi4
                0x00000c58                . = ALIGN (0x2)
 *(.fini9)
 .fini9         0x00000c58        0x0 d:/programmes/winavr/bin/../lib/gcc/avr/4.3.3/avr5\libgcc.a(_exit.o)
                0x00000c58                exit
                0x00000c58                _exit
 *(.fini9)
 *(.fini8)
 *(.fini8)
 *(.fini7)
 *(.fini7)
 *(.fini6)
 *(.fini6)
 *(.fini5)
 *(.fini5)
 *(.fini4)
 *(.fini4)
 *(.fini3)
 *(.fini3)
 *(.fini2)
 *(.fini2)
 *(.fini1)
 *(.fini1)
 *(.fini0)
 .fini0         0x00000c58        0x4 d:/programmes/winavr/bin/../lib/gcc/avr/4.3.3/avr5\libgcc.a(_exit.o)
 *(.fini0)
                0x00000c5c                _etext = .

.data           0x00800060        0x4 load address 0x00000c5c
                0x00800060                PROVIDE (__data_start, .)
 *(.data)
 .data          0x00800060        0x0 d:/programmes/winavr/bin/../lib/gcc/avr/4.3.3/../../../../avr/lib/avr5/crtm16.o
 .data          0x00800060        0x0 ./app/main.o
 .data          0x00800060        0x0 ./MCAL/DIO.o
 .data          0x00800060        0x0 ./MCAL/I2C.o
 .data          0x00800060        0x0 ./MCAL/Interrupt_enable.o
 .data          0x00800060        0x0 ./MCAL/TIMER.o
 .data          0x00800060        0x0 ./HALL/BUTTONS.o
 .data          0x00800060        0x0 ./HALL/COOLING_SYSTEM.o
 .data          0x00800060        0x0 ./HALL/EEPROM.o
 .data          0x00800060        0x0 ./HALL/HEATING_SYSTEM.o
 .data          0x00800060        0x0 ./HALL/LM35.o
 .data          0x00800060        0x0 ./HALL/PROTOCOL.o
 .data          0x00800060        0x0 ./HALL/SEVEN_SEGMENT.o
 .data          0x00800060        0x0 d:/programmes/winavr/bin/../lib/gcc/avr/4.3.3/avr5\libgcc.a(_udivmodqi4.o)
 .data          0x00800060        0x0 d:/programmes/winavr/bin/../lib/gcc/avr/4.3.3/avr5\libgcc.a(_divmodsi4.o)
 .data          0x00800060        0x0 d:/programmes/winavr/bin/../lib/gcc/avr/4.3.3/avr5\libgcc.a(_exit.o)
 .data          0x00800060        0x0 d:/programmes/winavr/bin/../lib/gcc/avr/4.3.3/avr5\libgcc.a(_copy_data.o)
 .data          0x00800060        0x0 d:/programmes/winavr/bin/../lib/gcc/avr/4.3.3/avr5\libgcc.a(_clear_bss.o)
 .data          0x00800060        0x0 d:/programmes/winavr/bin/../lib/gcc/avr/4.3.3/avr5\libgcc.a(_udivmodsi4.o)
 *(.data*)
 .data.desired_temp
                0x00800060        0x2 ./app/main.o
                0x00800060                desired_temp
 .data.start    0x00800062        0x1 ./app/main.o
                0x00800062                start
 *(.rodata)
 *(.rodata*)
 *(.gnu.linkonce.d*)
                0x00800064                . = ALIGN (0x2)
 *fill*         0x00800063        0x1 00
                0x00800064                _edata = .
                0x00800064                PROVIDE (__data_end, .)

.bss            0x00800064        0xe
                0x00800064                PROVIDE (__bss_start, .)
 *(.bss)
 .bss           0x00800064        0x0 d:/programmes/winavr/bin/../lib/gcc/avr/4.3.3/../../../../avr/lib/avr5/crtm16.o
 .bss           0x00800064        0x0 ./app/main.o
 .bss           0x00800064        0x0 ./MCAL/DIO.o
 .bss           0x00800064        0x0 ./MCAL/I2C.o
 .bss           0x00800064        0x0 ./MCAL/Interrupt_enable.o
 .bss           0x00800064        0x0 ./MCAL/TIMER.o
 .bss           0x00800064        0x0 ./HALL/BUTTONS.o
 .bss           0x00800064        0x0 ./HALL/COOLING_SYSTEM.o
 .bss           0x00800064        0x0 ./HALL/EEPROM.o
 .bss           0x00800064        0x0 ./HALL/HEATING_SYSTEM.o
 .bss           0x00800064        0x0 ./HALL/LM35.o
 .bss           0x00800064        0x0 ./HALL/PROTOCOL.o
 .bss           0x00800064        0x0 ./HALL/SEVEN_SEGMENT.o
 .bss           0x00800064        0x0 d:/programmes/winavr/bin/../lib/gcc/avr/4.3.3/avr5\libgcc.a(_udivmodqi4.o)
 .bss           0x00800064        0x0 d:/programmes/winavr/bin/../lib/gcc/avr/4.3.3/avr5\libgcc.a(_divmodsi4.o)
 .bss           0x00800064        0x0 d:/programmes/winavr/bin/../lib/gcc/avr/4.3.3/avr5\libgcc.a(_exit.o)
 .bss           0x00800064        0x0 d:/programmes/winavr/bin/../lib/gcc/avr/4.3.3/avr5\libgcc.a(_copy_data.o)
 .bss           0x00800064        0x0 d:/programmes/winavr/bin/../lib/gcc/avr/4.3.3/avr5\libgcc.a(_clear_bss.o)
 .bss           0x00800064        0x0 d:/programmes/winavr/bin/../lib/gcc/avr/4.3.3/avr5\libgcc.a(_udivmodsi4.o)
 *(.bss*)
 .bss.FIRST_PRESS
                0x00800064        0x1 ./app/main.o
                0x00800064                FIRST_PRESS
 .bss.ptr0      0x00800065        0x2 ./MCAL/Interrupt_enable.o
                0x00800065                ptr0
 .bss.ptr1      0x00800067        0x2 ./MCAL/Interrupt_enable.o
                0x00800067                ptr1
 .bss.ptr2      0x00800069        0x2 ./MCAL/Interrupt_enable.o
                0x00800069                ptr2
 .bss.Number_OVF
                0x0080006b        0x4 ./MCAL/TIMER.o
                0x0080006b                Number_OVF
 .bss.INIAL_VALUE
                0x0080006f        0x1 ./MCAL/TIMER.o
                0x0080006f                INIAL_VALUE
 *(COMMON)
 COMMON         0x00800070        0x2 ./app/main.o
                0x00800070                system_on_flag
                0x00800071                temp
                0x00800072                PROVIDE (__bss_end, .)
                0x00000c5c                __data_load_start = LOADADDR (.data)
                0x00000c60                __data_load_end = (__data_load_start + SIZEOF (.data))

.noinit         0x00800072        0x0
                0x00800072                PROVIDE (__noinit_start, .)
 *(.noinit*)
                0x00800072                PROVIDE (__noinit_end, .)
                0x00800072                _end = .
                0x00800072                PROVIDE (__heap_start, .)

.eeprom         0x00810000        0x0
 *(.eeprom*)
                0x00810000                __eeprom_end = .

.fuse
 *(.fuse)
 *(.lfuse)
 *(.hfuse)
 *(.efuse)

.lock
 *(.lock*)

.signature
 *(.signature*)

.stab
 *(.stab)

.stabstr
 *(.stabstr)

.stab.excl
 *(.stab.excl)

.stab.exclstr
 *(.stab.exclstr)

.stab.index
 *(.stab.index)

.stab.indexstr
 *(.stab.indexstr)

.comment
 *(.comment)

.debug
 *(.debug)

.line
 *(.line)

.debug_srcinfo
 *(.debug_srcinfo)

.debug_sfnames
 *(.debug_sfnames)

.debug_aranges
 *(.debug_aranges)

.debug_pubnames
 *(.debug_pubnames)

.debug_info
 *(.debug_info)
 *(.gnu.linkonce.wi.*)

.debug_abbrev
 *(.debug_abbrev)

.debug_line
 *(.debug_line)

.debug_frame
 *(.debug_frame)

.debug_str
 *(.debug_str)

.debug_loc
 *(.debug_loc)

.debug_macinfo
 *(.debug_macinfo)
OUTPUT(ELECTRIC_WATER_HEATER.elf elf32-avr)
LOAD linker stubs
